// Jest Snapshot v1, https://goo.gl/fbAQLP

exports[`apis/AppRegistry/renderApplication getApplication 1`] = `
"<style id=\\"react-native-stylesheet-static\\">
html{font-family:sans-serif;-ms-text-size-adjust:100%;-webkit-text-size-adjust:100%;-webkit-tap-highlight-color:rgba(0,0,0,0);}
body{margin:0;}
button::-moz-focus-inner,input::-moz-focus-inner{border:0;padding:0;}
input::-webkit-inner-spin-button,input::-webkit-outer-spin-button,input::-webkit-search-cancel-button,input::-webkit-search-decoration,input::-webkit-search-results-button,input::-webkit-search-results-decoration{display:none;}
@keyframes rn-ActivityIndicator-animation{0%{-webkit-transform:rotate(0deg);transform:rotate(0deg);}100%{-webkit-transform:rotate(360deg);transform:rotate(360deg);}}
@keyframes rn-ProgressBar-animation{0%{-webkit-transform:translateX(-100%);transform:translateX(-100%);}100%{-webkit-transform:translateX(400%);transform:translateX(400%);}}
.rn-pointerEvents-105ug2t{pointer-events:auto;}
.rn-pointerEvents-12vffkv{pointer-events:none;}
.rn-pointerEvents-12vffkv *{pointer-events:auto;}
.rn-pointerEvents-ah5dr5{pointer-events:auto;}
.rn-pointerEvents-ah5dr5 *{pointer-events:none;}
.rn-pointerEvents-633pao{pointer-events:none;}
</style>
<style id=\\"react-native-stylesheet\\">
.rn-bottom-1p0dtai{bottom:0px}
.rn-left-1d2f490{left:0px}
.rn-position-u8s1d{position:absolute}
.rn-position-bnwqim{position:relative}
.rn-right-zchlnj{right:0px}
.rn-top-ipm5af{top:0px}
.rn-appearance-30o5oe{-moz-appearance:none;-webkit-appearance:none;appearance:none}
.rn-backgroundColor-wib322{background-color:transparent}
.rn-backgroundColor-1rskzur{background-color:rgba(0,0,0,0.6)}
.rn-backgroundColor-esk5nj{background-color:rgba(248,248,248,1)}
.rn-color-homxoj{color:inherit}
.rn-color-1wq1a2v{color:rgba(43,49,55,1)}
.rn-color-q2p0xf{color:rgba(75,143,254,1)}
.rn-font-1lw9tu2{font:inherit}
.rn-textAlign-1ttztb7{text-align:inherit}
.rn-textAlign-q4m81j{text-align:center}
.rn-textDecoration-bauka4{text-decoration:none}
.rn-listStyle-1ebb2ja{list-style:none}
.rn-alignItems-1oszu61{-webkit-align-items:stretch;-webkit-box-align:stretch;align-items:stretch}
.rn-alignItems-1awozwy{-webkit-align-items:center;-webkit-box-align:center;align-items:center}
.rn-borderTopStyle-1efd50x{border-top-style:solid}
.rn-borderRightStyle-14skgim{border-right-style:solid}
.rn-borderBottomStyle-rull8r{border-bottom-style:solid}
.rn-borderLeftStyle-mm0ijv{border-left-style:solid}
.rn-borderTopWidth-13yce4e{border-top-width:0px}
.rn-borderTopWidth-5kkj8d{border-top-width:1px}
.rn-borderRightWidth-fnigne{border-right-width:0px}
.rn-borderRightWidth-13l2t4g{border-right-width:1px}
.rn-borderBottomWidth-ndvcnb{border-bottom-width:0px}
.rn-borderBottomWidth-qklmqi{border-bottom-width:1px}
.rn-borderLeftWidth-gxnn5r{border-left-width:0px}
.rn-boxSizing-deolkf{box-sizing:border-box}
.rn-display-6koalj{display:-webkit-box;display:-moz-box;display:-ms-flexbox;display:-webkit-flex;display:flex}
.rn-display-1471scf{display:inline}
.rn-flexShrink-1qe8dj5{-webkit-flex-shrink:0;flex-shrink:0}
.rn-flexShrink-1wbh5a2{-webkit-flex-shrink:1;flex-shrink:1}
.rn-flexBasis-1mlwlqe{-webkit-flex-basis:auto;flex-basis:auto}
.rn-flexDirection-eqz5dr{-webkit-box-direction:normal;-webkit-box-orient:vertical;-webkit-flex-direction:column;flex-direction:column}
.rn-flexDirection-18u37iz{-webkit-box-direction:normal;-webkit-box-orient:horizontal;-webkit-flex-direction:row;flex-direction:row}
.rn-marginTop-1mnahxq{margin-top:0px}
.rn-marginTop-14gqq1x{margin-top:4px}
.rn-marginTop-1x0uki6{margin-top:20px}
.rn-marginRight-61z16t{margin-right:0px}
.rn-marginBottom-p1pxzi{margin-bottom:0px}
.rn-marginLeft-11wrixw{margin-left:0px}
.rn-minHeight-ifefl9{min-height:0px}
.rn-minWidth-bcqeeo{min-width:0px}
.rn-paddingTop-wk8lta{padding-top:0px}
.rn-paddingTop-1knelpx{padding-top:20px}
.rn-paddingTop-95jzfe{padding-top:16px}
.rn-paddingRight-9aemit{padding-right:0px}
.rn-paddingRight-yongw{padding-right:50px}
.rn-paddingBottom-1mdbw0j{padding-bottom:0px}
.rn-paddingBottom-1l7z4oj{padding-bottom:16px}
.rn-paddingLeft-gy4na3{padding-left:0px}
.rn-paddingLeft-1fd96xs{padding-left:50px}
.rn-zIndex-1lgpqti{z-index:0}
.rn-zIndex-1wyyakw{z-index:-1}
.rn-wordWrap-qvutc0{word-wrap:break-word}
.rn-whiteSpace-q42fyq{white-space:pre-wrap}
.rn-whiteSpace-3s2u2q{white-space:nowrap}
.rn-userSelect-lrvibr{-moz-user-select:none;-ms-user-select:none;-webkit-user-select:none;user-select:none}
.rn-cursor-1loqt21{cursor:pointer}
.rn-cursor-7q8q6z{cursor:default}
.rn-maxWidth-dnmrzs{max-width:100%}
.rn-maxWidth-x1dlf0{max-width:200px}
.rn-overflowX-11yh6sk{overflow-x:hidden}
.rn-overflowY-buy8e9{overflow-y:hidden}
.rn-textOverflow-1udbk01{text-overflow:ellipsis}
.rn-transitionDuration-eafdt9{-webkit-transition-duration:0.15s;transition-duration:0.15s}
.rn-transitionProperty-1i6wzkk{-moz-transition-property:opacity;-webkit-transition-property:opacity;transition-property:opacity}
.rn-justifyContent-a2tzq0{-webkit-box-pack:justify;-webkit-justify-content:space-around;justify-content:space-around}
.rn-borderTopLeftRadius-j9b53g{border-top-left-radius:10px}
.rn-borderTopLeftRadius-1iymjk7{border-top-left-radius:2px}
.rn-borderTopRightRadius-1i97xy8{border-top-right-radius:10px}
.rn-borderTopRightRadius-s2skl2{border-top-right-radius:2px}
.rn-borderBottomRightRadius-tabonr{border-bottom-right-radius:10px}
.rn-borderBottomRightRadius-l5bh9y{border-bottom-right-radius:2px}
.rn-borderBottomLeftRadius-shm4j{border-bottom-left-radius:10px}
.rn-borderBottomLeftRadius-101sy47{border-bottom-left-radius:2px}
.rn-fontSize-cv4lhi{font-size:21px}
.rn-fontSize-1i10wst{font-size:18px}
.rn-fontWeight-vw2c0b{font-weight:bold}
.rn-borderTopColor-1h66y5d{border-top-color:rgba(219,219,219,1)}
.rn-flexGrow-16y2uox{-webkit-flex-grow:1;flex-grow:1}
.rn-borderRightColor-1gqresf{border-right-color:rgba(219,219,219,1)}
.rn-borderBottomColor-1pqs39m{border-bottom-color:rgba(219,219,219,1)}
</style>"
`;
